<html>
<body>
<pre>
<h1>µVision Build Log</h1>
<h2>Tool Versions:</h2>
IDE-Version: µVision V5.30.0.0
Copyright (C) 2020 ARM Ltd and ARM Germany GmbH. All rights reserved.
License Information: Etienne Roche, ESIEA, LIC=----
 
Tool Versions:
Toolchain:       MDK-Lite  Version: 5.30.0.0
Toolchain Path:  C:\Keil_v5\ARM\ARMCC\Bin
C Compiler:      Armcc.exe V5.06 update 6 (build 750)
Assembler:       Armasm.exe V5.06 update 6 (build 750)
Linker/Locator:  ArmLink.exe V5.06 update 6 (build 750)
Library Manager: ArmAr.exe V5.06 update 6 (build 750)
Hex Converter:   FromElf.exe V5.06 update 6 (build 750)
CPU DLL:         SARMCM3.DLL V5.30.0.0
Dialog DLL:      DARMSTM.DLL V1.68.0.0
Target DLL:      STLink\ST-LINKIII-KEIL_SWO.dll V3.0.7.0
Dialog DLL:      TCM.DLL V1.42.0.0
 
<h2>Project:</h2>
C:\Users\Etienne\Desktop\ESIEA-TAFF\Trabelsi\Projet\Projet LAB3411 Tesla Mobile Etienne ROCHE Matthieu BESHARA 3A33\MDK-ARM\TDAO_1_Etienne_Roche_33.uvprojx
Project File Date:  06/03/2020

<h2>Output:</h2>
*** Using Compiler 'V5.06 update 6 (build 750)', folder: 'C:\Keil_v5\ARM\ARMCC\Bin'
Rebuild target 'TDAO_1_Etienne_Roche_33'
assembling startup_stm32f103xb.s...
compiling stm32f1xx_ll_gpio.c...
compiling stm32f1xx_ll_exti.c...
compiling stm32f1xx_ll_pwr.c...
compiling stm32f1xx_ll_rcc.c...
compiling stm32f1xx_ll_usart.c...
compiling stm32f1xx_ll_dma.c...
compiling retarget_io.c...
compiling system_stm32f1xx.c...
compiling gpio.c...
compiling stm32f1xx_it.c...
compiling stm32f1xx_ll_utils.c...
compiling usart.c...
compiling MoteurPasAPas.c...
../Inc/Moteur.h(46): warning:  #1295-D: Deprecated declaration EntrerDirection - give arg types
  void EntrerDirection();
../Inc/Moteur.h(47): warning:  #1295-D: Deprecated declaration Avancer - give arg types
  void Avancer();
../Inc/Moteur.h(48): warning:  #1295-D: Deprecated declaration Reculer - give arg types
  void Reculer();
../Inc/Moteur.h(49): warning:  #1295-D: Deprecated declaration TournerAGauche - give arg types
  void TournerAGauche();
../Inc/Moteur.h(50): warning:  #1-D: last line of file ends without a newline
  void TounerADroite();
../Inc/Moteur.h(50): warning:  #1295-D: Deprecated declaration TounerADroite - give arg types
  void TounerADroite();
..\Src\MoteurPasAPas.c(30): warning:  #177-D: variable "rapCyclique"  was declared but never referenced
  float rapCyclique = 0.3;
..\Src\MoteurPasAPas.c: 7 warnings, 0 errors
compiling main.c...
../Inc/Moteur.h(46): warning:  #1295-D: Deprecated declaration EntrerDirection - give arg types
  void EntrerDirection();
../Inc/Moteur.h(47): warning:  #1295-D: Deprecated declaration Avancer - give arg types
  void Avancer();
../Inc/Moteur.h(48): warning:  #1295-D: Deprecated declaration Reculer - give arg types
  void Reculer();
../Inc/Moteur.h(49): warning:  #1295-D: Deprecated declaration TournerAGauche - give arg types
  void TournerAGauche();
../Inc/Moteur.h(50): warning:  #1-D: last line of file ends without a newline
  void TounerADroite();
../Inc/Moteur.h(50): warning:  #1295-D: Deprecated declaration TounerADroite - give arg types
  void TounerADroite();
../Src/main.c: 6 warnings, 0 errors
linking...
Program Size: Code=4516 RO-data=356 RW-data=24 ZI-data=1024  
FromELF: creating hex file...
"TDAO_1_Etienne_Roche_33\TDAO_1_Etienne_Roche_33.axf" - 0 Error(s), 13 Warning(s).

<h2>Software Packages used:</h2>

Package Vendor: ARM
                http://www.keil.com/pack/ARM.CMSIS.5.7.0.pack
                ARM.CMSIS.5.7.0
                CMSIS (Cortex Microcontroller Software Interface Standard)
   * Component: CORE Version: 5.4.0

Package Vendor: Keil
                http://www.keil.com/pack/Keil.ARM_Compiler.1.6.3.pack
                Keil.ARM_Compiler.1.6.3
                Keil ARM Compiler extensions for ARM Compiler 5 and ARM Compiler 6
   * Component: STDIN Variant: ITM Version: 1.2.0
   * Component: STDOUT Variant: ITM Version: 1.2.0

Package Vendor: Keil
                http://www.keil.com/pack/Keil.STM32F1xx_DFP.2.3.0.pack
                Keil.STM32F1xx_DFP.2.3.0
                STMicroelectronics STM32F1 Series Device Support, Drivers and Examples

<h2>Collection of Component include folders:</h2>
  .\RTE\_TDAO_1_Etienne_Roche_33
  C:\Users\Etienne\AppData\Local\Arm\Packs\ARM\CMSIS\5.7.0\CMSIS\Core\Include
  C:\Users\Etienne\AppData\Local\Arm\Packs\Keil\STM32F1xx_DFP\2.3.0\Device\Include

<h2>Collection of Component Files used:</h2>

   * Component: ARM::CMSIS:CORE:5.4.0

   * Component: Keil.ARM Compiler::Compiler:I/O:STDIN:ITM:1.2.0
      Source file:   Source\retarget_io.c

   * Component: Keil.ARM Compiler::Compiler:I/O:STDOUT:ITM:1.2.0
      Source file:   Source\retarget_io.c
Build Time Elapsed:  00:00:03
</pre>
</body>
</html>
